<html>
<body>
<pre>
<h1>µVision Build Log</h1>
<h2>Project:</h2>
D:\PJ_yzqu\keil\keil_SpaceRecognition\4.4_uart_test\uart_test.uvproj
Project File Date:  12/01/2014

<h2>Output:</h2>
Rebuild target 'Uart_test'
assembling S3C2410A.s...
compiling camera_control.c...
compiling jidctflt.c...
compiling loadjpeg.c...
compiling tinyjpeg.c...
src\decoder\tinyjpeg.c(383): warning:  #550-D: variable "next_free_entry" was set but never used
src\decoder\tinyjpeg.c(1492): warning:  #550-D: variable "width" was set but never used
src\decoder\tinyjpeg.c(1492): warning:  #550-D: variable "height" was set but never used
src\decoder\tinyjpeg.c(1492): warning:  #550-D: variable "nr_components" was set but never used
src\decoder\tinyjpeg.c(1492): warning:  #550-D: variable "precision" was set but never used
src\decoder\tinyjpeg.c(1711): warning:  #550-D: variable "length" was set but never used
src\decoder\tinyjpeg.c(1917): warning:  #177-D: variable "decode_mcu_1comp_table" was declared but never referenced
src\decoder\tinyjpeg.c(1931): warning:  #177-D: variable "convert_colorspace_rgb24" was declared but never referenced
src\decoder\tinyjpeg.c(1938): warning:  #177-D: variable "convert_colorspace_bgr24" was declared but never referenced
src\decoder\tinyjpeg.c(1945): warning:  #177-D: variable "convert_colorspace_grey" was declared but never referenced
compiling imageOriginal_B.c...
compiling imageOriginal_G.c...
compiling imageOriginal_R.c...
compiling main.c...
src\main.c(31): warning:  #177-D: variable "k" was declared but never referenced
compiling yuv2rgb.c...
src\yuv2rgb.c(25): warning:  #223-D: function "memset" declared implicitly
compiling 2410lib.c...
compiling sys_init.c...
linking...
Program Size: Code=31248 RO-data=1188 RW-data=16 ZI-data=1538440  
".\obj\uart_test.axf" - 0 Errors, 12 Warning(s).
