<html>
<body>
<pre>
<h1>µVision Build Log</h1>
<h2>Project:</h2>
D:\PJ_yzqu\keil\camera_test_old\4.4_uart_test\uart_test.uvproj
Project File Date:  07/28/2014

<h2>Output:</h2>
Rebuild target 'Uart_test'
assembling S3C2410A.s...
compiling main.c...
compiling camera_control.c...
compiling jidctflt.c...
compiling loadjpeg.c...
compiling tinyjpeg.c...
src\decoder\tinyjpeg.c(383): warning:  #550-D: variable "next_free_entry" was set but never used
src\decoder\tinyjpeg.c(1492): warning:  #550-D: variable "width" was set but never used
src\decoder\tinyjpeg.c(1492): warning:  #550-D: variable "height" was set but never used
src\decoder\tinyjpeg.c(1492): warning:  #550-D: variable "nr_components" was set but never used
src\decoder\tinyjpeg.c(1492): warning:  #550-D: variable "precision" was set but never used
src\decoder\tinyjpeg.c(1711): warning:  #550-D: variable "length" was set but never used
src\decoder\tinyjpeg.c(1917): warning:  #177-D: variable "decode_mcu_1comp_table" was declared but never referenced
src\decoder\tinyjpeg.c(1931): warning:  #177-D: variable "convert_colorspace_rgb24" was declared but never referenced
src\decoder\tinyjpeg.c(1938): warning:  #177-D: variable "convert_colorspace_bgr24" was declared but never referenced
src\decoder\tinyjpeg.c(1945): warning:  #177-D: variable "convert_colorspace_grey" was declared but never referenced
compiling 2410lib.c...
compiling sys_init.c...
linking...
Program Size: Code=30344 RO-data=1188 RW-data=16 ZI-data=616840  
".\obj\uart_test.axf" - 0 Errors, 10 Warning(s).
Rebuild target 'Uart_test'
assembling S3C2410A.s...
compiling main.c...
compiling camera_control.c...
compiling jidctflt.c...
compiling loadjpeg.c...
compiling tinyjpeg.c...
src\decoder\tinyjpeg.c(383): warning:  #550-D: variable "next_free_entry" was set but never used
src\decoder\tinyjpeg.c(1492): warning:  #550-D: variable "width" was set but never used
src\decoder\tinyjpeg.c(1492): warning:  #550-D: variable "height" was set but never used
src\decoder\tinyjpeg.c(1492): warning:  #550-D: variable "nr_components" was set but never used
src\decoder\tinyjpeg.c(1492): warning:  #550-D: variable "precision" was set but never used
src\decoder\tinyjpeg.c(1711): warning:  #550-D: variable "length" was set but never used
src\decoder\tinyjpeg.c(1917): warning:  #177-D: variable "decode_mcu_1comp_table" was declared but never referenced
src\decoder\tinyjpeg.c(1931): warning:  #177-D: variable "convert_colorspace_rgb24" was declared but never referenced
src\decoder\tinyjpeg.c(1938): warning:  #177-D: variable "convert_colorspace_bgr24" was declared but never referenced
src\decoder\tinyjpeg.c(1945): warning:  #177-D: variable "convert_colorspace_grey" was declared but never referenced
compiling 2410lib.c...
compiling sys_init.c...
linking...
Program Size: Code=30344 RO-data=1188 RW-data=16 ZI-data=616840  
".\obj\uart_test.axf" - 0 Errors, 10 Warning(s).
Rebuild target 'Uart_test'
assembling S3C2410A.s...
compiling main.c...
compiling camera_control.c...
compiling jidctflt.c...
compiling loadjpeg.c...
compiling tinyjpeg.c...
src\decoder\tinyjpeg.c(383): warning:  #550-D: variable "next_free_entry" was set but never used
src\decoder\tinyjpeg.c(1492): warning:  #550-D: variable "width" was set but never used
src\decoder\tinyjpeg.c(1492): warning:  #550-D: variable "height" was set but never used
src\decoder\tinyjpeg.c(1492): warning:  #550-D: variable "nr_components" was set but never used
src\decoder\tinyjpeg.c(1492): warning:  #550-D: variable "precision" was set but never used
src\decoder\tinyjpeg.c(1711): warning:  #550-D: variable "length" was set but never used
src\decoder\tinyjpeg.c(1917): warning:  #177-D: variable "decode_mcu_1comp_table" was declared but never referenced
src\decoder\tinyjpeg.c(1931): warning:  #177-D: variable "convert_colorspace_rgb24" was declared but never referenced
src\decoder\tinyjpeg.c(1938): warning:  #177-D: variable "convert_colorspace_bgr24" was declared but never referenced
src\decoder\tinyjpeg.c(1945): warning:  #177-D: variable "convert_colorspace_grey" was declared but never referenced
compiling 2410lib.c...
compiling sys_init.c...
linking...
Program Size: Code=30344 RO-data=1188 RW-data=16 ZI-data=616840  
".\obj\uart_test.axf" - 0 Errors, 10 Warning(s).
Rebuild target 'Uart_test'
assembling S3C2410A.s...
compiling main.c...
compiling camera_control.c...
compiling jidctflt.c...
compiling loadjpeg.c...
compiling tinyjpeg.c...
src\decoder\tinyjpeg.c(383): warning:  #550-D: variable "next_free_entry" was set but never used
src\decoder\tinyjpeg.c(1492): warning:  #550-D: variable "width" was set but never used
src\decoder\tinyjpeg.c(1492): warning:  #550-D: variable "height" was set but never used
src\decoder\tinyjpeg.c(1492): warning:  #550-D: variable "nr_components" was set but never used
src\decoder\tinyjpeg.c(1492): warning:  #550-D: variable "precision" was set but never used
src\decoder\tinyjpeg.c(1711): warning:  #550-D: variable "length" was set but never used
src\decoder\tinyjpeg.c(1917): warning:  #177-D: variable "decode_mcu_1comp_table" was declared but never referenced
src\decoder\tinyjpeg.c(1931): warning:  #177-D: variable "convert_colorspace_rgb24" was declared but never referenced
src\decoder\tinyjpeg.c(1938): warning:  #177-D: variable "convert_colorspace_bgr24" was declared but never referenced
src\decoder\tinyjpeg.c(1945): warning:  #177-D: variable "convert_colorspace_grey" was declared but never referenced
compiling 2410lib.c...
compiling sys_init.c...
linking...
Program Size: Code=30344 RO-data=1188 RW-data=16 ZI-data=616840  
".\obj\uart_test.axf" - 0 Errors, 10 Warning(s).
Rebuild target 'Uart_test'
assembling S3C2410A.s...
compiling main.c...
main.c(23): warning:  #260-D: explicit type is missing ("int" assumed)
main.c(24): warning:  #260-D: explicit type is missing ("int" assumed)
main.c(25): warning:  #260-D: explicit type is missing ("int" assumed)
compiling camera_control.c...
compiling jidctflt.c...
compiling loadjpeg.c...
compiling tinyjpeg.c...
src\decoder\tinyjpeg.c(383): warning:  #550-D: variable "next_free_entry" was set but never used
src\decoder\tinyjpeg.c(1492): warning:  #550-D: variable "width" was set but never used
src\decoder\tinyjpeg.c(1492): warning:  #550-D: variable "height" was set but never used
src\decoder\tinyjpeg.c(1492): warning:  #550-D: variable "nr_components" was set but never used
src\decoder\tinyjpeg.c(1492): warning:  #550-D: variable "precision" was set but never used
src\decoder\tinyjpeg.c(1711): warning:  #550-D: variable "length" was set but never used
src\decoder\tinyjpeg.c(1917): warning:  #177-D: variable "decode_mcu_1comp_table" was declared but never referenced
src\decoder\tinyjpeg.c(1931): warning:  #177-D: variable "convert_colorspace_rgb24" was declared but never referenced
src\decoder\tinyjpeg.c(1938): warning:  #177-D: variable "convert_colorspace_bgr24" was declared but never referenced
src\decoder\tinyjpeg.c(1945): warning:  #177-D: variable "convert_colorspace_grey" was declared but never referenced
compiling 2410lib.c...
compiling sys_init.c...
linking...
Program Size: Code=30344 RO-data=1188 RW-data=16 ZI-data=616840  
".\obj\uart_test.axf" - 0 Errors, 13 Warning(s).
Rebuild target 'Uart_test'
assembling S3C2410A.s...
compiling main.c...
compiling camera_control.c...
compiling jidctflt.c...
compiling loadjpeg.c...
compiling tinyjpeg.c...
src\decoder\tinyjpeg.c(383): warning:  #550-D: variable "next_free_entry" was set but never used
src\decoder\tinyjpeg.c(1492): warning:  #550-D: variable "width" was set but never used
src\decoder\tinyjpeg.c(1492): warning:  #550-D: variable "height" was set but never used
src\decoder\tinyjpeg.c(1492): warning:  #550-D: variable "nr_components" was set but never used
src\decoder\tinyjpeg.c(1492): warning:  #550-D: variable "precision" was set but never used
src\decoder\tinyjpeg.c(1711): warning:  #550-D: variable "length" was set but never used
src\decoder\tinyjpeg.c(1917): warning:  #177-D: variable "decode_mcu_1comp_table" was declared but never referenced
src\decoder\tinyjpeg.c(1931): warning:  #177-D: variable "convert_colorspace_rgb24" was declared but never referenced
src\decoder\tinyjpeg.c(1938): warning:  #177-D: variable "convert_colorspace_bgr24" was declared but never referenced
src\decoder\tinyjpeg.c(1945): warning:  #177-D: variable "convert_colorspace_grey" was declared but never referenced
compiling 2410lib.c...
compiling sys_init.c...
linking...
Program Size: Code=30344 RO-data=1188 RW-data=16 ZI-data=616840  
".\obj\uart_test.axf" - 0 Errors, 10 Warning(s).
Rebuild target 'Uart_test'
assembling S3C2410A.s...
compiling main.c...
compiling camera_control.c...
compiling jidctflt.c...
compiling loadjpeg.c...
compiling tinyjpeg.c...
src\decoder\tinyjpeg.c(383): warning:  #550-D: variable "next_free_entry" was set but never used
src\decoder\tinyjpeg.c(1492): warning:  #550-D: variable "width" was set but never used
src\decoder\tinyjpeg.c(1492): warning:  #550-D: variable "height" was set but never used
src\decoder\tinyjpeg.c(1492): warning:  #550-D: variable "nr_components" was set but never used
src\decoder\tinyjpeg.c(1492): warning:  #550-D: variable "precision" was set but never used
src\decoder\tinyjpeg.c(1711): warning:  #550-D: variable "length" was set but never used
src\decoder\tinyjpeg.c(1917): warning:  #177-D: variable "decode_mcu_1comp_table" was declared but never referenced
src\decoder\tinyjpeg.c(1931): warning:  #177-D: variable "convert_colorspace_rgb24" was declared but never referenced
src\decoder\tinyjpeg.c(1938): warning:  #177-D: variable "convert_colorspace_bgr24" was declared but never referenced
src\decoder\tinyjpeg.c(1945): warning:  #177-D: variable "convert_colorspace_grey" was declared but never referenced
compiling imageOriginal_B.c...
src\imageOriginal_B.c(1): error:  #20: identifier "UINT8T" is undefined
src\imageOriginal_B.c(26): error:  #67: expected a "}"
src\imageOriginal_B.c(49): warning:  #12-D: parsing restarts here after previous syntax error
src\imageOriginal_B.c(50): error:  #65: expected a ";"
src\imageOriginal_B.c(15362): warning:  #1-D: last line of file ends without a newline
src\imageOriginal_B.c(15362): warning:  #12-D: parsing restarts here after previous syntax error
compiling imageOriginal_G.c...
src\imageOriginal_G.c(1): error:  #20: identifier "UINT8T" is undefined
src\imageOriginal_G.c(26): error:  #67: expected a "}"
src\imageOriginal_G.c(49): warning:  #12-D: parsing restarts here after previous syntax error
src\imageOriginal_G.c(50): error:  #65: expected a ";"
src\imageOriginal_G.c(15362): warning:  #1-D: last line of file ends without a newline
src\imageOriginal_G.c(15362): warning:  #12-D: parsing restarts here after previous syntax error
compiling imageOriginal_R.c...
src\imageOriginal_R.c(1): error:  #20: identifier "UINT8T" is undefined
src\imageOriginal_R.c(26): error:  #67: expected a "}"
src\imageOriginal_R.c(49): warning:  #12-D: parsing restarts here after previous syntax error
src\imageOriginal_R.c(50): error:  #65: expected a ";"
src\imageOriginal_R.c(15362): warning:  #1-D: last line of file ends without a newline
src\imageOriginal_R.c(15362): warning:  #12-D: parsing restarts here after previous syntax error
compiling 2410lib.c...
compiling sys_init.c...
".\obj\uart_test.axf" - 9 Errors, 19 Warning(s).
Target not created
Rebuild target 'Uart_test'
assembling S3C2410A.s...
compiling main.c...
compiling camera_control.c...
compiling jidctflt.c...
compiling loadjpeg.c...
compiling tinyjpeg.c...
src\decoder\tinyjpeg.c(383): warning:  #550-D: variable "next_free_entry" was set but never used
src\decoder\tinyjpeg.c(1492): warning:  #550-D: variable "width" was set but never used
src\decoder\tinyjpeg.c(1492): warning:  #550-D: variable "height" was set but never used
src\decoder\tinyjpeg.c(1492): warning:  #550-D: variable "nr_components" was set but never used
src\decoder\tinyjpeg.c(1492): warning:  #550-D: variable "precision" was set but never used
src\decoder\tinyjpeg.c(1711): warning:  #550-D: variable "length" was set but never used
src\decoder\tinyjpeg.c(1917): warning:  #177-D: variable "decode_mcu_1comp_table" was declared but never referenced
src\decoder\tinyjpeg.c(1931): warning:  #177-D: variable "convert_colorspace_rgb24" was declared but never referenced
src\decoder\tinyjpeg.c(1938): warning:  #177-D: variable "convert_colorspace_bgr24" was declared but never referenced
src\decoder\tinyjpeg.c(1945): warning:  #177-D: variable "convert_colorspace_grey" was declared but never referenced
compiling imageOriginal_B.c...
src\imageOriginal_B.c(27): error:  #67: expected a "}"
src\imageOriginal_B.c(50): warning:  #12-D: parsing restarts here after previous syntax error
src\imageOriginal_B.c(51): error:  #65: expected a ";"
src\imageOriginal_B.c(15363): warning:  #1-D: last line of file ends without a newline
src\imageOriginal_B.c(15363): warning:  #12-D: parsing restarts here after previous syntax error
compiling imageOriginal_G.c...
src\imageOriginal_G.c(1): error:  #20: identifier "UINT8T" is undefined
src\imageOriginal_G.c(26): error:  #67: expected a "}"
src\imageOriginal_G.c(49): warning:  #12-D: parsing restarts here after previous syntax error
src\imageOriginal_G.c(50): error:  #65: expected a ";"
src\imageOriginal_G.c(15362): warning:  #1-D: last line of file ends without a newline
src\imageOriginal_G.c(15362): warning:  #12-D: parsing restarts here after previous syntax error
compiling imageOriginal_R.c...
src\imageOriginal_R.c(1): error:  #20: identifier "UINT8T" is undefined
src\imageOriginal_R.c(26): error:  #67: expected a "}"
src\imageOriginal_R.c(49): warning:  #12-D: parsing restarts here after previous syntax error
src\imageOriginal_R.c(50): error:  #65: expected a ";"
src\imageOriginal_R.c(15362): warning:  #1-D: last line of file ends without a newline
src\imageOriginal_R.c(15362): warning:  #12-D: parsing restarts here after previous syntax error
compiling 2410lib.c...
compiling sys_init.c...
".\obj\uart_test.axf" - 8 Errors, 19 Warning(s).
Target not created
Rebuild target 'Uart_test'
assembling S3C2410A.s...
compiling main.c...
compiling camera_control.c...
compiling jidctflt.c...
compiling loadjpeg.c...
compiling tinyjpeg.c...
src\decoder\tinyjpeg.c(383): warning:  #550-D: variable "next_free_entry" was set but never used
src\decoder\tinyjpeg.c(1492): warning:  #550-D: variable "width" was set but never used
src\decoder\tinyjpeg.c(1492): warning:  #550-D: variable "height" was set but never used
src\decoder\tinyjpeg.c(1492): warning:  #550-D: variable "nr_components" was set but never used
src\decoder\tinyjpeg.c(1492): warning:  #550-D: variable "precision" was set but never used
src\decoder\tinyjpeg.c(1711): warning:  #550-D: variable "length" was set but never used
src\decoder\tinyjpeg.c(1917): warning:  #177-D: variable "decode_mcu_1comp_table" was declared but never referenced
src\decoder\tinyjpeg.c(1931): warning:  #177-D: variable "convert_colorspace_rgb24" was declared but never referenced
src\decoder\tinyjpeg.c(1938): warning:  #177-D: variable "convert_colorspace_bgr24" was declared but never referenced
src\decoder\tinyjpeg.c(1945): warning:  #177-D: variable "convert_colorspace_grey" was declared but never referenced
compiling imageOriginal_B.c...
src\imageOriginal_B.c(27): error:  #67: expected a "}"
src\imageOriginal_B.c(50): warning:  #12-D: parsing restarts here after previous syntax error
src\imageOriginal_B.c(51): error:  #65: expected a ";"
src\imageOriginal_B.c(15363): warning:  #1-D: last line of file ends without a newline
src\imageOriginal_B.c(15363): warning:  #12-D: parsing restarts here after previous syntax error
compiling imageOriginal_G.c...
src\imageOriginal_G.c(27): error:  #67: expected a "}"
src\imageOriginal_G.c(50): warning:  #12-D: parsing restarts here after previous syntax error
src\imageOriginal_G.c(51): error:  #65: expected a ";"
src\imageOriginal_G.c(15363): warning:  #1-D: last line of file ends without a newline
src\imageOriginal_G.c(15363): warning:  #12-D: parsing restarts here after previous syntax error
compiling imageOriginal_R.c...
src\imageOriginal_R.c(27): error:  #67: expected a "}"
src\imageOriginal_R.c(50): warning:  #12-D: parsing restarts here after previous syntax error
src\imageOriginal_R.c(51): error:  #65: expected a ";"
src\imageOriginal_R.c(15363): warning:  #1-D: last line of file ends without a newline
src\imageOriginal_R.c(15363): warning:  #12-D: parsing restarts here after previous syntax error
compiling 2410lib.c...
compiling sys_init.c...
".\obj\uart_test.axf" - 6 Errors, 19 Warning(s).
Target not created
Rebuild target 'Uart_test'
assembling S3C2410A.s...
compiling main.c...
compiling camera_control.c...
compiling jidctflt.c...
compiling loadjpeg.c...
compiling tinyjpeg.c...
src\decoder\tinyjpeg.c(383): warning:  #550-D: variable "next_free_entry" was set but never used
src\decoder\tinyjpeg.c(1492): warning:  #550-D: variable "width" was set but never used
src\decoder\tinyjpeg.c(1492): warning:  #550-D: variable "height" was set but never used
src\decoder\tinyjpeg.c(1492): warning:  #550-D: variable "nr_components" was set but never used
src\decoder\tinyjpeg.c(1492): warning:  #550-D: variable "precision" was set but never used
src\decoder\tinyjpeg.c(1711): warning:  #550-D: variable "length" was set but never used
src\decoder\tinyjpeg.c(1917): warning:  #177-D: variable "decode_mcu_1comp_table" was declared but never referenced
src\decoder\tinyjpeg.c(1931): warning:  #177-D: variable "convert_colorspace_rgb24" was declared but never referenced
src\decoder\tinyjpeg.c(1938): warning:  #177-D: variable "convert_colorspace_bgr24" was declared but never referenced
src\decoder\tinyjpeg.c(1945): warning:  #177-D: variable "convert_colorspace_grey" was declared but never referenced
compiling imageOriginal_B.c...
compiling imageOriginal_G.c...
compiling imageOriginal_R.c...
compiling 2410lib.c...
compiling sys_init.c...
linking...
Program Size: Code=30344 RO-data=1188 RW-data=16 ZI-data=616840  
".\obj\uart_test.axf" - 0 Errors, 10 Warning(s).
